../Core/Src/main.c:79:1:__io_putchar	16	static
../Core/Src/main.c:102:6:ReadSensorValues	16	static
../Core/Src/main.c:127:6:PrintSensorValues	16	static
../Core/Src/main.c:152:6:ReadAllSensorValues	8	static
../Core/Src/main.c:169:6:PrintAllSensorValues	8	static
../Core/Src/main.c:181:5:main	104	static
../Core/Src/main.c:275:6:SystemClock_Config	96	static
../Core/Src/main.c:326:13:MX_TIM2_Init	40	static
../Core/Src/main.c:371:13:MX_USART1_UART_Init	8	static
../Core/Src/main.c:419:13:MX_GPIO_Init	40	static
../Core/Src/main.c:460:6:StartDefaultTask	16	static
../Core/Src/main.c:485:6:StartTask02	16	static
../Core/Src/main.c:512:6:StartTask03	16	static
../Core/Src/main.c:537:6:HAL_TIM_PeriodElapsedCallback	16	static
../Core/Src/main.c:554:6:Error_Handler	4	static,ignoring_inline_asm
