../Core/Src/main.c:93:6:ReadSensorValues	16	static
../Core/Src/main.c:121:6:PrintSensorValues	16	static
../Core/Src/main.c:150:6:ReadAllSensorValues	8	static
../Core/Src/main.c:173:5:main	104	static
../Core/Src/main.c:263:6:SystemClock_Config	96	static
../Core/Src/main.c:314:13:MX_I2C1_Init	8	static
../Core/Src/main.c:362:13:MX_TIM2_Init	40	static
../Core/Src/main.c:407:13:MX_UART4_Init	8	static
../Core/Src/main.c:455:13:MX_GPIO_Init	40	static
../Core/Src/main.c:497:6:StartDefaultTask	16	static
../Core/Src/main.c:517:6:StartTask02	16	static
../Core/Src/main.c:544:6:StartTask03	16	static
../Core/Src/main.c:565:6:HAL_TIM_PeriodElapsedCallback	16	static
../Core/Src/main.c:582:6:Error_Handler	4	static,ignoring_inline_asm
