Archive member included to satisfy reference by file (symbol)

C:\Users\SLsec\Desktop\Winter23\444 Microprocessors\labs\L1\lib\libarm_cortexM4lf_math.a(arm_sub_f32.o)
                              ./Src/Kalmanfilter_DSP.o (arm_sub_f32)
C:\Users\SLsec\Desktop\Winter23\444 Microprocessors\labs\L1\lib\libarm_cortexM4lf_math.a(arm_mult_f32.o)
                              ./Src/Kalmanfilter_DSP.o (arm_mult_f32)
C:\Users\SLsec\Desktop\Winter23\444 Microprocessors\labs\L1\lib\libarm_cortexM4lf_math.a(arm_add_f32.o)
                              ./Src/Kalmanfilter_DSP.o (arm_add_f32)
c:/st/stm32cubeide_1.11.0/stm32cubeide/plugins/com.st.stm32cube.ide.mcu.externaltools.gnu-tools-for-stm32.10.3-2021.10.win32_1.0.100.202210260954/tools/bin/../lib/gcc/arm-none-eabi/10.3.1/../../../../arm-none-eabi/lib/thumb/v7e-m+fp/hard\libc_nano.a(lib_a-errno.o)
                              ./Src/syscalls.o (__errno)
c:/st/stm32cubeide_1.11.0/stm32cubeide/plugins/com.st.stm32cube.ide.mcu.externaltools.gnu-tools-for-stm32.10.3-2021.10.win32_1.0.100.202210260954/tools/bin/../lib/gcc/arm-none-eabi/10.3.1/../../../../arm-none-eabi/lib/thumb/v7e-m+fp/hard\libc_nano.a(lib_a-exit.o)
                              c:/st/stm32cubeide_1.11.0/stm32cubeide/plugins/com.st.stm32cube.ide.mcu.externaltools.gnu-tools-for-stm32.10.3-2021.10.win32_1.0.100.202210260954/tools/bin/../lib/gcc/arm-none-eabi/10.3.1/../../../../arm-none-eabi/lib/thumb/v7e-m+fp/hard/crt0.o (exit)
c:/st/stm32cubeide_1.11.0/stm32cubeide/plugins/com.st.stm32cube.ide.mcu.externaltools.gnu-tools-for-stm32.10.3-2021.10.win32_1.0.100.202210260954/tools/bin/../lib/gcc/arm-none-eabi/10.3.1/../../../../arm-none-eabi/lib/thumb/v7e-m+fp/hard\libc_nano.a(lib_a-impure.o)
                              c:/st/stm32cubeide_1.11.0/stm32cubeide/plugins/com.st.stm32cube.ide.mcu.externaltools.gnu-tools-for-stm32.10.3-2021.10.win32_1.0.100.202210260954/tools/bin/../lib/gcc/arm-none-eabi/10.3.1/../../../../arm-none-eabi/lib/thumb/v7e-m+fp/hard\libc_nano.a(lib_a-exit.o) (_global_impure_ptr)
c:/st/stm32cubeide_1.11.0/stm32cubeide/plugins/com.st.stm32cube.ide.mcu.externaltools.gnu-tools-for-stm32.10.3-2021.10.win32_1.0.100.202210260954/tools/bin/../lib/gcc/arm-none-eabi/10.3.1/../../../../arm-none-eabi/lib/thumb/v7e-m+fp/hard\libc_nano.a(lib_a-init.o)
                              c:/st/stm32cubeide_1.11.0/stm32cubeide/plugins/com.st.stm32cube.ide.mcu.externaltools.gnu-tools-for-stm32.10.3-2021.10.win32_1.0.100.202210260954/tools/bin/../lib/gcc/arm-none-eabi/10.3.1/../../../../arm-none-eabi/lib/thumb/v7e-m+fp/hard/crt0.o (__libc_init_array)
c:/st/stm32cubeide_1.11.0/stm32cubeide/plugins/com.st.stm32cube.ide.mcu.externaltools.gnu-tools-for-stm32.10.3-2021.10.win32_1.0.100.202210260954/tools/bin/../lib/gcc/arm-none-eabi/10.3.1/../../../../arm-none-eabi/lib/thumb/v7e-m+fp/hard\libc_nano.a(lib_a-memset.o)
                              c:/st/stm32cubeide_1.11.0/stm32cubeide/plugins/com.st.stm32cube.ide.mcu.externaltools.gnu-tools-for-stm32.10.3-2021.10.win32_1.0.100.202210260954/tools/bin/../lib/gcc/arm-none-eabi/10.3.1/../../../../arm-none-eabi/lib/thumb/v7e-m+fp/hard/crt0.o (memset)
c:/st/stm32cubeide_1.11.0/stm32cubeide/plugins/com.st.stm32cube.ide.mcu.externaltools.gnu-tools-for-stm32.10.3-2021.10.win32_1.0.100.202210260954/tools/bin/../lib/gcc/arm-none-eabi/10.3.1/../../../../arm-none-eabi/lib/thumb/v7e-m+fp/hard\libm.a(lib_a-w_pow.o)
                              ./Src/stddev.o (pow)
c:/st/stm32cubeide_1.11.0/stm32cubeide/plugins/com.st.stm32cube.ide.mcu.externaltools.gnu-tools-for-stm32.10.3-2021.10.win32_1.0.100.202210260954/tools/bin/../lib/gcc/arm-none-eabi/10.3.1/../../../../arm-none-eabi/lib/thumb/v7e-m+fp/hard\libm.a(lib_a-w_sqrt.o)
                              ./Src/stddev.o (sqrt)
c:/st/stm32cubeide_1.11.0/stm32cubeide/plugins/com.st.stm32cube.ide.mcu.externaltools.gnu-tools-for-stm32.10.3-2021.10.win32_1.0.100.202210260954/tools/bin/../lib/gcc/arm-none-eabi/10.3.1/../../../../arm-none-eabi/lib/thumb/v7e-m+fp/hard\libm.a(lib_a-e_pow.o)
                              c:/st/stm32cubeide_1.11.0/stm32cubeide/plugins/com.st.stm32cube.ide.mcu.externaltools.gnu-tools-for-stm32.10.3-2021.10.win32_1.0.100.202210260954/tools/bin/../lib/gcc/arm-none-eabi/10.3.1/../../../../arm-none-eabi/lib/thumb/v7e-m+fp/hard\libm.a(lib_a-w_pow.o) (__ieee754_pow)
c:/st/stm32cubeide_1.11.0/stm32cubeide/plugins/com.st.stm32cube.ide.mcu.externaltools.gnu-tools-for-stm32.10.3-2021.10.win32_1.0.100.202210260954/tools/bin/../lib/gcc/arm-none-eabi/10.3.1/../../../../arm-none-eabi/lib/thumb/v7e-m+fp/hard\libm.a(lib_a-e_sqrt.o)
                              c:/st/stm32cubeide_1.11.0/stm32cubeide/plugins/com.st.stm32cube.ide.mcu.externaltools.gnu-tools-for-stm32.10.3-2021.10.win32_1.0.100.202210260954/tools/bin/../lib/gcc/arm-none-eabi/10.3.1/../../../../arm-none-eabi/lib/thumb/v7e-m+fp/hard\libm.a(lib_a-w_sqrt.o) (__ieee754_sqrt)
[...]
Memory Configuration

Name             Origin             Length             Attributes
RAM              0x0000000020000000 0x00000000000a0000 xrw
RAM2             0x0000000010000000 0x0000000000010000 xrw
RAM3             0x0000000020040000 0x0000000000060000 xrw
FLASH            0x0000000008000000 0x0000000000200000 xr
*default*        0x0000000000000000 0xffffffffffffffff

Linker script and memory map

LOAD c:/st/stm32cubeide_1.11.0/stm32cubeide/plugins/com.st.stm32cube.ide.mcu.externaltools.gnu-tools-for-stm32.10.3-2021.10.win32_1.0.100.202210260954/tools/bin/../lib/gcc/arm-none-eabi/10.3.1/thumb/v7e-m+fp/hard/crti.o
LOAD c:/st/stm32cubeide_1.11.0/stm32cubeide/plugins/com.st.stm32cube.ide.mcu.externaltools.gnu-tools-for-stm32.10.3-2021.10.win32_1.0.100.202210260954/tools/bin/../lib/gcc/arm-none-eabi/10.3.1/thumb/v7e-m+fp/hard/crtbegin.o
LOAD c:/st/stm32cubeide_1.11.0/stm32cubeide/plugins/com.st.stm32cube.ide.mcu.externaltools.gnu-tools-for-stm32.10.3-2021.10.win32_1.0.100.202210260954/tools/bin/../lib/gcc/arm-none-eabi/10.3.1/../../../../arm-none-eabi/lib/thumb/v7e-m+fp/hard/crt0.o
LOAD ./Drivers/STM32L4xx_HAL_Driver/Src/stm32l4xx_hal.o
LOAD ./Drivers/STM32L4xx_HAL_Driver/Src/stm32l4xx_hal_cortex.o
LOAD ./Drivers/STM32L4xx_HAL_Driver/Src/stm32l4xx_hal_dma.o
LOAD ./Drivers/STM32L4xx_HAL_Driver/Src/stm32l4xx_hal_dma_ex.o
LOAD ./Drivers/STM32L4xx_HAL_Driver/Src/stm32l4xx_hal_exti.o
LOAD ./Drivers/STM32L4xx_HAL_Driver/Src/stm32l4xx_hal_flash.o
LOAD ./Drivers/STM32L4xx_HAL_Driver/Src/stm32l4xx_hal_flash_ex.o
LOAD ./Drivers/STM32L4xx_HAL_Driver/Src/stm32l4xx_hal_flash_ramfunc.o
LOAD ./Drivers/STM32L4xx_HAL_Driver/Src/stm32l4xx_hal_gpio.o
LOAD ./Drivers/STM32L4xx_HAL_Driver/Src/stm32l4xx_hal_i2c.o
LOAD ./Drivers/STM32L4xx_HAL_Driver/Src/stm32l4xx_hal_i2c_ex.o
LOAD ./Drivers/STM32L4xx_HAL_Driver/Src/stm32l4xx_hal_pwr.o
LOAD ./Drivers/STM32L4xx_HAL_Driver/Src/stm32l4xx_hal_pwr_ex.o
LOAD ./Drivers/STM32L4xx_HAL_Driver/Src/stm32l4xx_hal_rcc.o
LOAD ./Drivers/STM32L4xx_HAL_Driver/Src/stm32l4xx_hal_rcc_ex.o
LOAD ./Drivers/STM32L4xx_HAL_Driver/Src/stm32l4xx_hal_tim.o
LOAD ./Drivers/STM32L4xx_HAL_Driver/Src/stm32l4xx_hal_tim_ex.o
LOAD ./Src/Kalmanfilter_DSP.o
LOAD ./Src/kalmanfilter.o
LOAD ./Src/kalmanfilter_asm.o
LOAD ./Src/kalmanfilter_asm2.o
LOAD ./Src/kf_asm.o
LOAD ./Src/main.o
LOAD ./Src/statistics.o
LOAD ./Src/stddev.o
LOAD ./Src/stm32l4xx_hal_msp.o
LOAD ./Src/stm32l4xx_it.o
LOAD ./Src/syscalls.o
LOAD ./Src/sysmem.o
LOAD ./Src/system_stm32l4xx.o
LOAD ./Src/update.o
LOAD ./Startup/startup_stm32l4s5vitx.o
LOAD C:\Users\SLsec\Desktop\Winter23\444 Microprocessors\labs\L1\lib\libarm_cortexM4lf_math.a
START GROUP
LOAD c:/st/stm32cubeide_1.11.0/stm32cubeide/plugins/com.st.stm32cube.ide.mcu.externaltools.gnu-tools-for-stm32.10.3-2021.10.win32_1.0.100.202210260954/tools/bin/../lib/gcc/arm-none-eabi/10.3.1/../../../../arm-none-eabi/lib/thumb/v7e-m+fp/hard\libc_nano.a
LOAD c:/st/stm32cubeide_1.11.0/stm32cubeide/plugins/com.st.stm32cube.ide.mcu.externaltools.gnu-tools-for-stm32.10.3-2021.10.win32_1.0.100.202210260954/tools/bin/../lib/gcc/arm-none-eabi/10.3.1/../../../../arm-none-eabi/lib/thumb/v7e-m+fp/hard\libm.a
END GROUP
START GROUP
LOAD c:/st/stm32cubeide_1.11.0/stm32cubeide/plugins/com.st.stm32cube.ide.mcu.externaltools.gnu-tools-for-stm32.10.3-2021.10.win32_1.0.100.202210260954/tools/bin/../lib/gcc/arm-none-eabi/10.3.1/thumb/v7e-m+fp/hard\libgcc.a
LOAD c:/st/stm32cubeide_1.11.0/stm32cubeide/plugins/com.st.stm32cube.ide.mcu.externaltools.gnu-tools-for-stm32.10.3-2021.10.win32_1.0.100.202210260954/tools/bin/../lib/gcc/arm-none-eabi/10.3.1/../../../../arm-none-eabi/lib/thumb/v7e-m+fp/hard\libc_nano.a
END GROUP
START GROUP
LOAD c:/st/stm32cubeide_1.11.0/stm32cubeide/plugins/com.st.stm32cube.ide.mcu.externaltools.gnu-tools-for-stm32.10.3-2021.10.win32_1.0.100.202210260954/tools/bin/../lib/gcc/arm-none-eabi/10.3.1/thumb/v7e-m+fp/hard\libgcc.a
LOAD c:/st/stm32cubeide_1.11.0/stm32cubeide/plugins/com.st.stm32cube.ide.mcu.externaltools.gnu-tools-for-stm32.10.3-2021.10.win32_1.0.100.202210260954/tools/bin/../lib/gcc/arm-none-eabi/10.3.1/../../../../arm-none-eabi/lib/thumb/v7e-m+fp/hard\libc_nano.a
LOAD c:/st/stm32cubeide_1.11.0/stm32cubeide/plugins/com.st.stm32cube.ide.mcu.externaltools.gnu-tools-for-stm32.10.3-2021.10.win32_1.0.100.202210260954/tools/bin/../lib/gcc/arm-none-eabi/10.3.1/../../../../arm-none-eabi/lib/thumb/v7e-m+fp/hard\libnosys.a
END GROUP
START GROUP
LOAD c:/st/stm32cubeide_1.11.0/stm32cubeide/plugins/com.st.stm32cube.ide.mcu.externaltools.gnu-tools-for-stm32.10.3-2021.10.win32_1.0.100.202210260954/tools/bin/../lib/gcc/arm-none-eabi/10.3.1/thumb/v7e-m+fp/hard\libgcc.a
LOAD c:/st/stm32cubeide_1.11.0/stm32cubeide/plugins/com.st.stm32cube.ide.mcu.externaltools.gnu-tools-for-stm32.10.3-2021.10.win32_1.0.100.202210260954/tools/bin/../lib/gcc/arm-none-eabi/10.3.1/../../../../arm-none-eabi/lib/thumb/v7e-m+fp/hard\libc_nano.a
LOAD c:/st/stm32cubeide_1.11.0/stm32cubeide/plugins/com.st.stm32cube.ide.mcu.externaltools.gnu-tools-for-stm32.10.3-2021.10.win32_1.0.100.202210260954/tools/bin/../lib/gcc/arm-none-eabi/10.3.1/../../../../arm-none-eabi/lib/thumb/v7e-m+fp/hard\libnosys.a
END GROUP
LOAD c:/st/stm32cubeide_1.11.0/stm32cubeide/plugins/com.st.stm32cube.ide.mcu.externaltools.gnu-tools-for-stm32.10.3-2021.10.win32_1.0.100.202210260954/tools/bin/../lib/gcc/arm-none-eabi/10.3.1/thumb/v7e-m+fp/hard/crtend.o
LOAD c:/st/stm32cubeide_1.11.0/stm32cubeide/plugins/com.st.stm32cube.ide.mcu.externaltools.gnu-tools-for-stm32.10.3-2021.10.win32_1.0.100.202210260954/tools/bin/../lib/gcc/arm-none-eabi/10.3.1/thumb/v7e-m+fp/hard/crtn.o
                0x00000000200a0000                _estack = (ORIGIN (RAM) + LENGTH (RAM))
                0x0000000000000200                _Min_Heap_Size = 0x200
                0x0000000000000400                _Min_Stack_Size = 0x400

.isr_vector     0x0000000008000000      0x1bc
                0x0000000008000000                . = ALIGN (0x4)
 *(.isr_vector)
 .isr_vector    0x0000000008000000      0x1bc ./Startup/startup_stm32l4s5vitx.o
                0x0000000008000000                g_pfnVectors
                0x00000000080001bc                . = ALIGN (0x4)

.text           0x00000000080001bc     0x1e34
                0x00000000080001bc                . = ALIGN (0x4)
 *(.text)
 .text          0x00000000080001bc       0x40 c:/st/stm32cubeide_1.11.0/stm32cubeide/plugins/com.st.stm32cube.ide.mcu.externaltools.gnu-tools-for-stm32.10.3-2021.10.win32_1.0.100.202210260954/tools/bin/../lib/gcc/arm-none-eabi/10.3.1/thumb/v7e-m+fp/hard/crtbegin.o
 *(.text*)
 .text.HAL_Init
                0x00000000080001fc       0x30 ./Drivers/STM32L4xx_HAL_Driver/Src/stm32l4xx_hal.o
                0x00000000080001fc                HAL_Init
 .text.HAL_InitTick
                0x000000000800022c       0x78 ./Drivers/STM32L4xx_HAL_Driver/Src/stm32l4xx_hal.o
                0x000000000800022c                HAL_InitTick
 .text.HAL_IncTick
                0x00000000080002a4       0x28 ./Drivers/STM32L4xx_HAL_Driver/Src/stm32l4xx_hal.o
                0x00000000080002a4                HAL_IncTick
 .text.HAL_GetTick
                0x00000000080002cc       0x18 ./Drivers/STM32L4xx_HAL_Driver/Src/stm32l4xx_hal.o
                0x00000000080002cc                HAL_GetTick
 .text.__NVIC_SetPriorityGrouping
                0x00000000080002e4       0x48 ./Drivers/STM32L4xx_HAL_Driver/Src/stm32l4xx_hal_cortex.o
 .text.__NVIC_GetPriorityGrouping
                0x000000000800032c       0x1c ./Drivers/STM32L4xx_HAL_Driver/Src/stm32l4xx_hal_cortex.o
 .text.__NVIC_SetPriority
                0x0000000008000348       0x54 ./Drivers/STM32L4xx_HAL_Driver/Src/stm32l4xx_hal_cortex.o
 .text.NVIC_EncodePriority
                0x000000000800039c       0x66 ./Drivers/STM32L4xx_HAL_Driver/Src/stm32l4xx_hal_cortex.o
 *fill*         0x0000000008000402        0x2 
 .text.SysTick_Config
                0x0000000008000404       0x44 ./Drivers/STM32L4xx_HAL_Driver/Src/stm32l4xx_hal_cortex.o
 .text.HAL_NVIC_SetPriorityGrouping
                0x0000000008000448       0x16 ./Drivers/STM32L4xx_HAL_Driver/Src/stm32l4xx_hal_cortex.o
                0x0000000008000448                HAL_NVIC_SetPriorityGrouping
 .text.HAL_NVIC_SetPriority
                0x000000000800045e       0x38 ./Drivers/STM32L4xx_HAL_Driver/Src/stm32l4xx_hal_cortex.o
                0x000000000800045e                HAL_NVIC_SetPriority
 .text.HAL_SYSTICK_Config
                0x0000000008000496       0x18 ./Drivers/STM32L4xx_HAL_Driver/Src/stm32l4xx_hal_cortex.o
                0x0000000008000496                HAL_SYSTICK_Config
 *fill*         0x00000000080004ae        0x2 
 .text.HAL_GPIO_Init
                0x00000000080004b0      0x324 ./Drivers/STM32L4xx_HAL_Driver/Src/stm32l4xx_hal_gpio.o
                0x00000000080004b0                HAL_GPIO_Init
 .text.HAL_GPIO_WritePin
                0x00000000080007d4       0x30 ./Drivers/STM32L4xx_HAL_Driver/Src/stm32l4xx_hal_gpio.o
                0x00000000080007d4                HAL_GPIO_WritePin
 .text.HAL_PWREx_GetVoltageRange
                0x0000000008000804       0x40 ./Drivers/STM32L4xx_HAL_Driver/Src/stm32l4xx_hal_pwr_ex.o
                0x0000000008000804                HAL_PWREx_GetVoltageRange
 .text.HAL_PWREx_ControlVoltageScaling
                0x0000000008000844      0x148 ./Drivers/STM32L4xx_HAL_Driver/Src/stm32l4xx_hal_pwr_ex.o
                0x0000000008000844                HAL_PWREx_ControlVoltageScaling
 .text.HAL_RCC_OscConfig
                0x000000000800098c      0x834 ./Drivers/STM32L4xx_HAL_Driver/Src/stm32l4xx_hal_rcc.o
                0x000000000800098c                HAL_RCC_OscConfig
 .text.HAL_RCC_ClockConfig
                0x00000000080011c0      0x274 ./Drivers/STM32L4xx_HAL_Driver/Src/stm32l4xx_hal_rcc.o
                0x00000000080011c0                HAL_RCC_ClockConfig
 .text.HAL_RCC_GetSysClockFreq
                0x0000000008001434      0x118 ./Drivers/STM32L4xx_HAL_Driver/Src/stm32l4xx_hal_rcc.o
                0x0000000008001434                HAL_RCC_GetSysClockFreq
 .text.RCC_SetFlashLatencyFromMSIRange
                0x000000000800154c       0xb4 ./Drivers/STM32L4xx_HAL_Driver/Src/stm32l4xx_hal_rcc.o
 .text.RCC_GetSysClockFreqFromPLLSource
                0x0000000008001600       0xcc ./Drivers/STM32L4xx_HAL_Driver/Src/stm32l4xx_hal_rcc.o
 .text.kalmanfilter_DSP
                0x00000000080016cc      0x148 ./Src/Kalmanfilter_DSP.o
                0x00000000080016cc                kalmanfilter_DSP
 .text.kalmanfilter
                0x0000000008001814      0x194 ./Src/kalmanfilter.o
                0x0000000008001814                kalmanfilter
 .text.rodata   0x00000000080019a8       0x88 ./Src/kalmanfilter_asm2.o
                0x00000000080019a8                kalmanfilter_asm2
 .text.main     0x0000000008001a30       0x8c ./Src/main.o
                0x0000000008001a30                main
 .text.SystemClock_Config
                0x0000000008001abc       0xa2 ./Src/main.o
                0x0000000008001abc                SystemClock_Config
 *fill*         0x0000000008001b5e        0x2 
 .text.MX_GPIO_Init
                0x0000000008001b60       0xe4 ./Src/main.o
 .text.Error_Handler
                0x0000000008001c44        0xa ./Src/main.o
                0x0000000008001c44                Error_Handler
 *fill*         0x0000000008001c4e        0x2 
 .text.HAL_MspInit
                0x0000000008001c50       0x48 ./Src/stm32l4xx_hal_msp.o
                0x0000000008001c50                HAL_MspInit
 .text.NMI_Handler
                0x0000000008001c98        0x6 ./Src/stm32l4xx_it.o
                0x0000000008001c98                NMI_Handler
 .text.HardFault_Handler
                0x0000000008001c9e        0x6 ./Src/stm32l4xx_it.o
                0x0000000008001c9e                HardFault_Handler
 .text.MemManage_Handler
                0x0000000008001ca4        0x6 ./Src/stm32l4xx_it.o
                0x0000000008001ca4                MemManage_Handler
 .text.BusFault_Handler
                0x0000000008001caa        0x6 ./Src/stm32l4xx_it.o
                0x0000000008001caa                BusFault_Handler
 .text.UsageFault_Handler
                0x0000000008001cb0        0x6 ./Src/stm32l4xx_it.o
                0x0000000008001cb0                UsageFault_Handler
 .text.SVC_Handler
                0x0000000008001cb6        0xe ./Src/stm32l4xx_it.o
                0x0000000008001cb6                SVC_Handler
 .text.DebugMon_Handler
                0x0000000008001cc4        0xe ./Src/stm32l4xx_it.o
                0x0000000008001cc4                DebugMon_Handler
 .text.PendSV_Handler
                0x0000000008001cd2        0xe ./Src/stm32l4xx_it.o
                0x0000000008001cd2                PendSV_Handler
 .text.SysTick_Handler
                0x0000000008001ce0        0xc ./Src/stm32l4xx_it.o
                0x0000000008001ce0                SysTick_Handler
 .text.SystemInit
                0x0000000008001cec       0x24 ./Src/system_stm32l4xx.o
                0x0000000008001cec                SystemInit
 .text.Reset_Handler
                0x0000000008001d10       0x50 ./Startup/startup_stm32l4s5vitx.o
                0x0000000008001d10                Reset_Handler
 .text.Default_Handler
                0x0000000008001d60        0x2 ./Startup/startup_stm32l4s5vitx.o
                0x0000000008001d60                RTC_Alarm_IRQHandler
                0x0000000008001d60                EXTI2_IRQHandler
                0x0000000008001d60                TIM8_TRG_COM_IRQHandler
                0x0000000008001d60                TIM8_CC_IRQHandler
                0x0000000008001d60                TIM1_CC_IRQHandler
                0x0000000008001d60                TSC_IRQHandler
                0x0000000008001d60                TAMP_STAMP_IRQHandler
                0x0000000008001d60                EXTI3_IRQHandler
                0x0000000008001d60                LPTIM2_IRQHandler
                0x0000000008001d60                DFSDM1_FLT1_IRQHandler
                0x0000000008001d60                GFXMMU_IRQHandler
                0x0000000008001d60                I2C3_ER_IRQHandler
                0x0000000008001d60                DFSDM1_FLT2_IRQHandler
                0x0000000008001d60                EXTI0_IRQHandler
                0x0000000008001d60                I2C2_EV_IRQHandler
                0x0000000008001d60                CAN1_RX0_IRQHandler
                0x0000000008001d60                FPU_IRQHandler
                0x0000000008001d60                TIM1_UP_TIM16_IRQHandler
                0x0000000008001d60                LTDC_ER_IRQHandler
                0x0000000008001d60                SPI1_IRQHandler
                0x0000000008001d60                OCTOSPI1_IRQHandler
                0x0000000008001d60                TIM6_DAC_IRQHandler
                0x0000000008001d60                DCMI_IRQHandler
                0x0000000008001d60                TIM8_UP_IRQHandler
                0x0000000008001d60                OCTOSPI2_IRQHandler
                0x0000000008001d60                DMA2_Channel2_IRQHandler
                0x0000000008001d60                DMA1_Channel4_IRQHandler
                0x0000000008001d60                SAI2_IRQHandler
                0x0000000008001d60                ADC1_IRQHandler
                0x0000000008001d60                DFSDM1_FLT3_IRQHandler
                0x0000000008001d60                USART3_IRQHandler
                0x0000000008001d60                DMA1_Channel7_IRQHandler
                0x0000000008001d60                CAN1_RX1_IRQHandler
                0x0000000008001d60                UART5_IRQHandler
                0x0000000008001d60                TIM4_IRQHandler
                0x0000000008001d60                DMA2_Channel1_IRQHandler
                0x0000000008001d60                I2C1_EV_IRQHandler
                0x0000000008001d60                DMAMUX1_OVR_IRQHandler
                0x0000000008001d60                DMA1_Channel6_IRQHandler
                0x0000000008001d60                UART4_IRQHandler
                0x0000000008001d60                DMA2_Channel4_IRQHandler
                0x0000000008001d60                TIM3_IRQHandler
                0x0000000008001d60                RCC_IRQHandler
                0x0000000008001d60                DMA1_Channel1_IRQHandler
                0x0000000008001d60                Default_Handler
                0x0000000008001d60                DMA2_Channel7_IRQHandler
                0x0000000008001d60                EXTI15_10_IRQHandler
                0x0000000008001d60                TIM7_IRQHandler
                0x0000000008001d60                SDMMC1_IRQHandler
                0x0000000008001d60                TIM5_IRQHandler
                0x0000000008001d60                I2C3_EV_IRQHandler
                0x0000000008001d60                EXTI9_5_IRQHandler
                0x0000000008001d60                RTC_WKUP_IRQHandler
                0x0000000008001d60                LTDC_IRQHandler
                0x0000000008001d60                PVD_PVM_IRQHandler
                0x0000000008001d60                SPI2_IRQHandler
                0x0000000008001d60                CAN1_TX_IRQHandler
                0x0000000008001d60                DMA2_Channel5_IRQHandler
                0x0000000008001d60                DMA1_Channel5_IRQHandler
                0x0000000008001d60                EXTI4_IRQHandler
                0x0000000008001d60                RNG_IRQHandler
                0x0000000008001d60                TIM1_TRG_COM_TIM17_IRQHandler
                0x0000000008001d60                DMA1_Channel3_IRQHandler
                0x0000000008001d60                COMP_IRQHandler
                0x0000000008001d60                HASH_CRS_IRQHandler
                0x0000000008001d60                WWDG_IRQHandler
                0x0000000008001d60                I2C4_EV_IRQHandler
                0x0000000008001d60                LPUART1_IRQHandler
                0x0000000008001d60                DMA2_Channel6_IRQHandler
                0x0000000008001d60                TIM2_IRQHandler
                0x0000000008001d60                DMA2D_IRQHandler
                0x0000000008001d60                EXTI1_IRQHandler
                0x0000000008001d60                AES_IRQHandler
                0x0000000008001d60                USART2_IRQHandler
                0x0000000008001d60                DFSDM1_FLT0_IRQHandler
                0x0000000008001d60                I2C2_ER_IRQHandler
                0x0000000008001d60                DMA1_Channel2_IRQHandler
                0x0000000008001d60                TIM8_BRK_IRQHandler
                0x0000000008001d60                CAN1_SCE_IRQHandler
                0x0000000008001d60                FLASH_IRQHandler
                0x0000000008001d60                USART1_IRQHandler
                0x0000000008001d60                OTG_FS_IRQHandler
                0x0000000008001d60                SPI3_IRQHandler
                0x0000000008001d60                I2C1_ER_IRQHandler
                0x0000000008001d60                FMC_IRQHandler
                0x0000000008001d60                LPTIM1_IRQHandler
                0x0000000008001d60                I2C4_ER_IRQHandler
                0x0000000008001d60                SAI1_IRQHandler
                0x0000000008001d60                DMA2_Channel3_IRQHandler
                0x0000000008001d60                TIM1_BRK_TIM15_IRQHandler
 *fill*         0x0000000008001d62        0x2 
 .text.arm_sub_f32
                0x0000000008001d64       0xb4 C:\Users\SLsec\Desktop\Winter23\444 Microprocessors\labs\L1\lib\libarm_cortexM4lf_math.a(arm_sub_f32.o)
                0x0000000008001d64                arm_sub_f32
 .text.arm_mult_f32
                0x0000000008001e18       0xb4 C:\Users\SLsec\Desktop\Winter23\444 Microprocessors\labs\L1\lib\libarm_cortexM4lf_math.a(arm_mult_f32.o)
                0x0000000008001e18                arm_mult_f32
 .text.arm_add_f32
                0x0000000008001ecc       0xb4 C:\Users\SLsec\Desktop\Winter23\444 Microprocessors\labs\L1\lib\libarm_cortexM4lf_math.a(arm_add_f32.o)
                0x0000000008001ecc                arm_add_f32
 .text.__libc_init_array
                0x0000000008001f80       0x48 c:/st/stm32cubeide_1.11.0/stm32cubeide/plugins/com.st.stm32cube.ide.mcu.externaltools.gnu-tools-for-stm32.10.3-2021.10.win32_1.0.100.202210260954/tools/bin/../lib/gcc/arm-none-eabi/10.3.1/../../../../arm-none-eabi/lib/thumb/v7e-m+fp/hard\libc_nano.a(lib_a-init.o)
                0x0000000008001f80                __libc_init_array
 .text.memset   0x0000000008001fc8       0x10 c:/st/stm32cubeide_1.11.0/stm32cubeide/plugins/com.st.stm32cube.ide.mcu.externaltools.gnu-tools-for-stm32.10.3-2021.10.win32_1.0.100.202210260954/tools/bin/../lib/gcc/arm-none-eabi/10.3.1/../../../../arm-none-eabi/lib/thumb/v7e-m+fp/hard\libc_nano.a(lib_a-memset.o)
                0x0000000008001fc8                memset
 *(.glue_7)
 .glue_7        0x0000000008001fd8        0x0 linker stubs
 *(.glue_7t)
 .glue_7t       0x0000000008001fd8        0x0 linker stubs
 *(.eh_frame)
 .eh_frame      0x0000000008001fd8        0x0 c:/st/stm32cubeide_1.11.0/stm32cubeide/plugins/com.st.stm32cube.ide.mcu.externaltools.gnu-tools-for-stm32.10.3-2021.10.win32_1.0.100.202210260954/tools/bin/../lib/gcc/arm-none-eabi/10.3.1/thumb/v7e-m+fp/hard/crtbegin.o
 *(.init)
 .init          0x0000000008001fd8        0x4 c:/st/stm32cubeide_1.11.0/stm32cubeide/plugins/com.st.stm32cube.ide.mcu.externaltools.gnu-tools-for-stm32.10.3-2021.10.win32_1.0.100.202210260954/tools/bin/../lib/gcc/arm-none-eabi/10.3.1/thumb/v7e-m+fp/hard/crti.o
                0x0000000008001fd8                _init
 .init          0x0000000008001fdc        0x8 c:/st/stm32cubeide_1.11.0/stm32cubeide/plugins/com.st.stm32cube.ide.mcu.externaltools.gnu-tools-for-stm32.10.3-2021.10.win32_1.0.100.202210260954/tools/bin/../lib/gcc/arm-none-eabi/10.3.1/thumb/v7e-m+fp/hard/crtn.o
 *(.fini)
 .fini          0x0000000008001fe4        0x4 c:/st/stm32cubeide_1.11.0/stm32cubeide/plugins/com.st.stm32cube.ide.mcu.externaltools.gnu-tools-for-stm32.10.3-2021.10.win32_1.0.100.202210260954/tools/bin/../lib/gcc/arm-none-eabi/10.3.1/thumb/v7e-m+fp/hard/crti.o
                0x0000000008001fe4                _fini
 .fini          0x0000000008001fe8        0x8 c:/st/stm32cubeide_1.11.0/stm32cubeide/plugins/com.st.stm32cube.ide.mcu.externaltools.gnu-tools-for-stm32.10.3-2021.10.win32_1.0.100.202210260954/tools/bin/../lib/gcc/arm-none-eabi/10.3.1/thumb/v7e-m+fp/hard/crtn.o
                0x0000000008001ff0                . = ALIGN (0x4)
                0x0000000008001ff0                _etext = .

.vfp11_veneer   0x0000000008001ff0        0x0
 .vfp11_veneer  0x0000000008001ff0        0x0 linker stubs

.v4_bx          0x0000000008001ff0        0x0
 .v4_bx         0x0000000008001ff0        0x0 linker stubs

.iplt           0x0000000008001ff0        0x0
 .iplt          0x0000000008001ff0        0x0 c:/st/stm32cubeide_1.11.0/stm32cubeide/plugins/com.st.stm32cube.ide.mcu.externaltools.gnu-tools-for-stm32.10.3-2021.10.win32_1.0.100.202210260954/tools/bin/../lib/gcc/arm-none-eabi/10.3.1/thumb/v7e-m+fp/hard/crtbegin.o

.rodata         0x0000000008001ff0       0x68
                0x0000000008001ff0                . = ALIGN (0x4)
 *(.rodata)
 .rodata        0x0000000008001ff0       0x28 ./Src/main.o
 *(.rodata*)
 .rodata.AHBPrescTable
                0x0000000008002018       0x10 ./Src/system_stm32l4xx.o
                0x0000000008002018                AHBPrescTable
 .rodata.MSIRangeTable
                0x0000000008002028       0x30 ./Src/system_stm32l4xx.o
                0x0000000008002028                MSIRangeTable
                0x0000000008002058                . = ALIGN (0x4)

.rel.dyn        0x0000000008002058        0x0
 .rel.iplt      0x0000000008002058        0x0 c:/st/stm32cubeide_1.11.0/stm32cubeide/plugins/com.st.stm32cube.ide.mcu.externaltools.gnu-tools-for-stm32.10.3-2021.10.win32_1.0.100.202210260954/tools/bin/../lib/gcc/arm-none-eabi/10.3.1/thumb/v7e-m+fp/hard/crtbegin.o

.ARM.extab      0x0000000008002058        0x0
                0x0000000008002058                . = ALIGN (0x4)
 *(.ARM.extab* .gnu.linkonce.armextab.*)
                0x0000000008002058                . = ALIGN (0x4)

.ARM            0x0000000008002058        0x0
                0x0000000008002058                . = ALIGN (0x4)
                0x0000000008002058                __exidx_start = .
 *(.ARM.exidx*)
                0x0000000008002058                __exidx_end = .
                0x0000000008002058                . = ALIGN (0x4)

.preinit_array  0x0000000008002058        0x0
                0x0000000008002058                . = ALIGN (0x4)
                0x0000000008002058                PROVIDE (__preinit_array_start = .)
 *(.preinit_array*)
                0x0000000008002058                PROVIDE (__preinit_array_end = .)
                0x0000000008002058                . = ALIGN (0x4)

.init_array     0x0000000008002058        0x4
                0x0000000008002058                . = ALIGN (0x4)
                0x0000000008002058                PROVIDE (__init_array_start = .)
 *(SORT_BY_NAME(.init_array.*))
 *(.init_array*)
 .init_array    0x0000000008002058        0x4 c:/st/stm32cubeide_1.11.0/stm32cubeide/plugins/com.st.stm32cube.ide.mcu.externaltools.gnu-tools-for-stm32.10.3-2021.10.win32_1.0.100.202210260954/tools/bin/../lib/gcc/arm-none-eabi/10.3.1/thumb/v7e-m+fp/hard/crtbegin.o
                0x000000000800205c                PROVIDE (__init_array_end = .)
                0x000000000800205c                . = ALIGN (0x4)

.fini_array     0x000000000800205c        0x4
                0x000000000800205c                . = ALIGN (0x4)
                [!provide]                        PROVIDE (__fini_array_start = .)
 *(SORT_BY_NAME(.fini_array.*))
 *(.fini_array*)
 .fini_array    0x000000000800205c        0x4 c:/st/stm32cubeide_1.11.0/stm32cubeide/plugins/com.st.stm32cube.ide.mcu.externaltools.gnu-tools-for-stm32.10.3-2021.10.win32_1.0.100.202210260954/tools/bin/../lib/gcc/arm-none-eabi/10.3.1/thumb/v7e-m+fp/hard/crtbegin.o
                [!provide]                        PROVIDE (__fini_array_end = .)
                0x0000000008002060                . = ALIGN (0x4)
                0x0000000008002060                _sidata = LOADADDR (.data)

.data           0x0000000020000000        0xc load address 0x0000000008002060
                0x0000000020000000                . = ALIGN (0x4)
                0x0000000020000000                _sdata = .
 *(.data)
 *(.data*)
 .data.uwTickPrio
                0x0000000020000000        0x4 ./Drivers/STM32L4xx_HAL_Driver/Src/stm32l4xx_hal.o
                0x0000000020000000                uwTickPrio
 .data.uwTickFreq
                0x0000000020000004        0x1 ./Drivers/STM32L4xx_HAL_Driver/Src/stm32l4xx_hal.o
                0x0000000020000004                uwTickFreq
 *fill*         0x0000000020000005        0x3 
 .data.SystemCoreClock
                0x0000000020000008        0x4 ./Src/system_stm32l4xx.o
                0x0000000020000008                SystemCoreClock
 *(.RamFunc)
 *(.RamFunc*)
                0x000000002000000c                . = ALIGN (0x4)
                0x000000002000000c                _edata = .

.igot.plt       0x000000002000000c        0x0 load address 0x000000000800206c
 .igot.plt      0x000000002000000c        0x0 c:/st/stm32cubeide_1.11.0/stm32cubeide/plugins/com.st.stm32cube.ide.mcu.externaltools.gnu-tools-for-stm32.10.3-2021.10.win32_1.0.100.202210260954/tools/bin/../lib/gcc/arm-none-eabi/10.3.1/thumb/v7e-m+fp/hard/crtbegin.o
                0x000000002000000c                . = ALIGN (0x4)

.bss            0x000000002000000c       0x20 load address 0x000000000800206c
                0x000000002000000c                _sbss = .
                0x000000002000000c                __bss_start__ = _sbss
 *(.bss)
 .bss           0x000000002000000c       0x1c c:/st/stm32cubeide_1.11.0/stm32cubeide/plugins/com.st.stm32cube.ide.mcu.externaltools.gnu-tools-for-stm32.10.3-2021.10.win32_1.0.100.202210260954/tools/bin/../lib/gcc/arm-none-eabi/10.3.1/thumb/v7e-m+fp/hard/crtbegin.o
 *(.bss*)
 .bss.uwTick    0x0000000020000028        0x4 ./Drivers/STM32L4xx_HAL_Driver/Src/stm32l4xx_hal.o
                0x0000000020000028                uwTick
 *(COMMON)
                0x000000002000002c                . = ALIGN (0x4)
                0x000000002000002c                _ebss = .
                0x000000002000002c                __bss_end__ = _ebss

._user_heap_stack
                0x000000002000002c      0x604 load address 0x000000000800206c
                0x0000000020000030                . = ALIGN (0x8)
 *fill*         0x000000002000002c        0x4 
                [!provide]                        PROVIDE (end = .)
                0x0000000020000030                PROVIDE (_end = .)
                0x0000000020000230                . = (. + _Min_Heap_Size)
 *fill*         0x0000000020000030      0x200 
                0x0000000020000630                . = (. + _Min_Stack_Size)
 *fill*         0x0000000020000230      0x400 
                0x0000000020000630                . = ALIGN (0x8)

/DISCARD/
 libc.a(*)
 libm.a(*)
 libgcc.a(*)

.ARM.attributes
                0x0000000000000000       0x30
 *(.ARM.attributes)
 .ARM.attributes
                0x0000000000000000       0x1e c:/st/stm32cubeide_1.11.0/stm32cubeide/plugins/com.st.stm32cube.ide.mcu.externaltools.gnu-tools-for-stm32.10.3-2021.10.win32_1.0.100.202210260954/tools/bin/../lib/gcc/arm-none-eabi/10.3.1/thumb/v7e-m+fp/hard/crti.o
 .ARM.attributes
                0x000000000000001e       0x34 c:/st/stm32cubeide_1.11.0/stm32cubeide/plugins/com.st.stm32cube.ide.mcu.externaltools.gnu-tools-for-stm32.10.3-2021.10.win32_1.0.100.202210260954/tools/bin/../lib/gcc/arm-none-eabi/10.3.1/thumb/v7e-m+fp/hard/crtbegin.o
 .ARM.attributes
                0x0000000000000052       0x34 ./Drivers/STM32L4xx_HAL_Driver/Src/stm32l4xx_hal.o
 .ARM.attributes
                0x0000000000000086       0x34 ./Drivers/STM32L4xx_HAL_Driver/Src/stm32l4xx_hal_cortex.o
 .ARM.attributes
                0x00000000000000ba       0x34 ./Drivers/STM32L4xx_HAL_Driver/Src/stm32l4xx_hal_gpio.o
 .ARM.attributes
                0x00000000000000ee       0x34 ./Drivers/STM32L4xx_HAL_Driver/Src/stm32l4xx_hal_pwr_ex.o
 .ARM.attributes
                0x0000000000000122       0x34 ./Drivers/STM32L4xx_HAL_Driver/Src/stm32l4xx_hal_rcc.o
 .ARM.attributes
                0x0000000000000156       0x34 ./Src/Kalmanfilter_DSP.o
 .ARM.attributes
                0x000000000000018a       0x34 ./Src/kalmanfilter.o
 .ARM.attributes
                0x00000000000001be       0x20 ./Src/kalmanfilter_asm2.o
 .ARM.attributes
                0x00000000000001de       0x34 ./Src/main.o
 .ARM.attributes
                0x0000000000000212       0x34 ./Src/stm32l4xx_hal_msp.o
 .ARM.attributes
                0x0000000000000246       0x34 ./Src/stm32l4xx_it.o
 .ARM.attributes
                0x000000000000027a       0x34 ./Src/system_stm32l4xx.o
 .ARM.attributes
                0x00000000000002ae       0x21 ./Startup/startup_stm32l4s5vitx.o
 .ARM.attributes
                0x00000000000002cf       0x34 C:\Users\SLsec\Desktop\Winter23\444 Microprocessors\labs\L1\lib\libarm_cortexM4lf_math.a(arm_sub_f32.o)
 .ARM.attributes
                0x0000000000000303       0x34 C:\Users\SLsec\Desktop\Winter23\444 Microprocessors\labs\L1\lib\libarm_cortexM4lf_math.a(arm_mult_f32.o)
 .ARM.attributes
                0x0000000000000337       0x34 C:\Users\SLsec\Desktop\Winter23\444 Microprocessors\labs\L1\lib\libarm_cortexM4lf_math.a(arm_add_f32.o)
 .ARM.attributes
                0x000000000000036b       0x34 c:/st/stm32cubeide_1.11.0/stm32cubeide/plugins/com.st.stm32cube.ide.mcu.externaltools.gnu-tools-for-stm32.10.3-2021.10.win32_1.0.100.202210260954/tools/bin/../lib/gcc/arm-none-eabi/10.3.1/../../../../arm-none-eabi/lib/thumb/v7e-m+fp/hard\libc_nano.a(lib_a-init.o)
 .ARM.attributes
                0x000000000000039f       0x34 c:/st/stm32cubeide_1.11.0/stm32cubeide/plugins/com.st.stm32cube.ide.mcu.externaltools.gnu-tools-for-stm32.10.3-2021.10.win32_1.0.100.202210260954/tools/bin/../lib/gcc/arm-none-eabi/10.3.1/../../../../arm-none-eabi/lib/thumb/v7e-m+fp/hard\libc_nano.a(lib_a-memset.o)
 .ARM.attributes
                0x00000000000003d3       0x1e c:/st/stm32cubeide_1.11.0/stm32cubeide/plugins/com.st.stm32cube.ide.mcu.externaltools.gnu-tools-for-stm32.10.3-2021.10.win32_1.0.100.202210260954/tools/bin/../lib/gcc/arm-none-eabi/10.3.1/thumb/v7e-m+fp/hard/crtn.o
OUTPUT(L1.elf elf32-littlearm)
LOAD linker stubs
LOAD c:/st/stm32cubeide_1.11.0/stm32cubeide/plugins/com.st.stm32cube.ide.mcu.externaltools.gnu-tools-for-stm32.10.3-2021.10.win32_1.0.100.202210260954/tools/bin/../lib/gcc/arm-none-eabi/10.3.1/../../../../arm-none-eabi/lib/thumb/v7e-m+fp/hard\libc.a
LOAD c:/st/stm32cubeide_1.11.0/stm32cubeide/plugins/com.st.stm32cube.ide.mcu.externaltools.gnu-tools-for-stm32.10.3-2021.10.win32_1.0.100.202210260954/tools/bin/../lib/gcc/arm-none-eabi/10.3.1/../../../../arm-none-eabi/lib/thumb/v7e-m+fp/hard\libm.a
LOAD c:/st/stm32cubeide_1.11.0/stm32cubeide/plugins/com.st.stm32cube.ide.mcu.externaltools.gnu-tools-for-stm32.10.3-2021.10.win32_1.0.100.202210260954/tools/bin/../lib/gcc/arm-none-eabi/10.3.1/thumb/v7e-m+fp/hard\libgcc.a

.debug_info     0x0000000000000000     0x7322
 .debug_info    0x0000000000000000      0xb99 ./Drivers/STM32L4xx_HAL_Driver/Src/stm32l4xx_hal.o
 .debug_info    0x0000000000000b99      0xe3f ./Drivers/STM32L4xx_HAL_Driver/Src/stm32l4xx_hal_cortex.o
 .debug_info    0x00000000000019d8      0x859 ./Drivers/STM32L4xx_HAL_Driver/Src/stm32l4xx_hal_gpio.o
 .debug_info    0x0000000000002231      0xa5e ./Drivers/STM32L4xx_HAL_Driver/Src/stm32l4xx_hal_pwr_ex.o
 .debug_info    0x0000000000002c8f      0xe19 ./Drivers/STM32L4xx_HAL_Driver/Src/stm32l4xx_hal_rcc.o
 .debug_info    0x0000000000003aa8      0x28b ./Src/Kalmanfilter_DSP.o
 .debug_info    0x0000000000003d33      0x1b7 ./Src/kalmanfilter.o
 .debug_info    0x0000000000003eea       0x26 ./Src/kalmanfilter_asm2.o
 .debug_info    0x0000000000003f10      0x8b4 ./Src/main.o
 .debug_info    0x00000000000047c4      0x340 ./Src/stm32l4xx_hal_msp.o
 .debug_info    0x0000000000004b04      0x122 ./Src/stm32l4xx_it.o
 .debug_info    0x0000000000004c26      0x5fe ./Src/system_stm32l4xx.o
 .debug_info    0x0000000000005224       0x22 ./Startup/startup_stm32l4s5vitx.o
 .debug_info    0x0000000000005246      0xaf4 C:\Users\SLsec\Desktop\Winter23\444 Microprocessors\labs\L1\lib\libarm_cortexM4lf_math.a(arm_sub_f32.o)
 .debug_info    0x0000000000005d3a      0xaf4 C:\Users\SLsec\Desktop\Winter23\444 Microprocessors\labs\L1\lib\libarm_cortexM4lf_math.a(arm_mult_f32.o)
 .debug_info    0x000000000000682e      0xaf4 C:\Users\SLsec\Desktop\Winter23\444 Microprocessors\labs\L1\lib\libarm_cortexM4lf_math.a(arm_add_f32.o)

.debug_abbrev   0x0000000000000000     0x1836
 .debug_abbrev  0x0000000000000000      0x23a ./Drivers/STM32L4xx_HAL_Driver/Src/stm32l4xx_hal.o
 .debug_abbrev  0x000000000000023a      0x316 ./Drivers/STM32L4xx_HAL_Driver/Src/stm32l4xx_hal_cortex.o
 .debug_abbrev  0x0000000000000550      0x1bb ./Drivers/STM32L4xx_HAL_Driver/Src/stm32l4xx_hal_gpio.o
 .debug_abbrev  0x000000000000070b      0x1f3 ./Drivers/STM32L4xx_HAL_Driver/Src/stm32l4xx_hal_pwr_ex.o
 .debug_abbrev  0x00000000000008fe      0x2f9 ./Drivers/STM32L4xx_HAL_Driver/Src/stm32l4xx_hal_rcc.o
 .debug_abbrev  0x0000000000000bf7      0x112 ./Src/Kalmanfilter_DSP.o
 .debug_abbrev  0x0000000000000d09       0xf9 ./Src/kalmanfilter.o
 .debug_abbrev  0x0000000000000e02       0x14 ./Src/kalmanfilter_asm2.o
 .debug_abbrev  0x0000000000000e16      0x201 ./Src/main.o
 .debug_abbrev  0x0000000000001017       0xc2 ./Src/stm32l4xx_hal_msp.o
 .debug_abbrev  0x00000000000010d9       0x74 ./Src/stm32l4xx_it.o
 .debug_abbrev  0x000000000000114d      0x116 ./Src/system_stm32l4xx.o
 .debug_abbrev  0x0000000000001263       0x12 ./Startup/startup_stm32l4s5vitx.o
 .debug_abbrev  0x0000000000001275      0x1eb C:\Users\SLsec\Desktop\Winter23\444 Microprocessors\labs\L1\lib\libarm_cortexM4lf_math.a(arm_sub_f32.o)
 .debug_abbrev  0x0000000000001460      0x1eb C:\Users\SLsec\Desktop\Winter23\444 Microprocessors\labs\L1\lib\libarm_cortexM4lf_math.a(arm_mult_f32.o)
 .debug_abbrev  0x000000000000164b      0x1eb C:\Users\SLsec\Desktop\Winter23\444 Microprocessors\labs\L1\lib\libarm_cortexM4lf_math.a(arm_add_f32.o)

.debug_aranges  0x0000000000000000      0x670
 .debug_aranges
                0x0000000000000000      0x130 ./Drivers/STM32L4xx_HAL_Driver/Src/stm32l4xx_hal.o
 .debug_aranges
                0x0000000000000130      0x118 ./Drivers/STM32L4xx_HAL_Driver/Src/stm32l4xx_hal_cortex.o
 .debug_aranges
                0x0000000000000248       0x58 ./Drivers/STM32L4xx_HAL_Driver/Src/stm32l4xx_hal_gpio.o
 .debug_aranges
                0x00000000000002a0      0x170 ./Drivers/STM32L4xx_HAL_Driver/Src/stm32l4xx_hal_pwr_ex.o
 .debug_aranges
                0x0000000000000410       0x98 ./Drivers/STM32L4xx_HAL_Driver/Src/stm32l4xx_hal_rcc.o
 .debug_aranges
                0x00000000000004a8       0x20 ./Src/Kalmanfilter_DSP.o
 .debug_aranges
                0x00000000000004c8       0x20 ./Src/kalmanfilter.o
 .debug_aranges
                0x00000000000004e8       0x20 ./Src/kalmanfilter_asm2.o
 .debug_aranges
                0x0000000000000508       0x38 ./Src/main.o
 .debug_aranges
                0x0000000000000540       0x20 ./Src/stm32l4xx_hal_msp.o
 .debug_aranges
                0x0000000000000560       0x60 ./Src/stm32l4xx_it.o
 .debug_aranges
                0x00000000000005c0       0x28 ./Src/system_stm32l4xx.o
 .debug_aranges
                0x00000000000005e8       0x28 ./Startup/startup_stm32l4s5vitx.o
 .debug_aranges
                0x0000000000000610       0x20 C:\Users\SLsec\Desktop\Winter23\444 Microprocessors\labs\L1\lib\libarm_cortexM4lf_math.a(arm_sub_f32.o)
 .debug_aranges
                0x0000000000000630       0x20 C:\Users\SLsec\Desktop\Winter23\444 Microprocessors\labs\L1\lib\libarm_cortexM4lf_math.a(arm_mult_f32.o)
 .debug_aranges
                0x0000000000000650       0x20 C:\Users\SLsec\Desktop\Winter23\444 Microprocessors\labs\L1\lib\libarm_cortexM4lf_math.a(arm_add_f32.o)

.debug_ranges   0x0000000000000000      0x568
 .debug_ranges  0x0000000000000000      0x120 ./Drivers/STM32L4xx_HAL_Driver/Src/stm32l4xx_hal.o
 .debug_ranges  0x0000000000000120      0x108 ./Drivers/STM32L4xx_HAL_Driver/Src/stm32l4xx_hal_cortex.o
 .debug_ranges  0x0000000000000228       0x48 ./Drivers/STM32L4xx_HAL_Driver/Src/stm32l4xx_hal_gpio.o
 .debug_ranges  0x0000000000000270      0x160 ./Drivers/STM32L4xx_HAL_Driver/Src/stm32l4xx_hal_pwr_ex.o
 .debug_ranges  0x00000000000003d0       0x88 ./Drivers/STM32L4xx_HAL_Driver/Src/stm32l4xx_hal_rcc.o
 .debug_ranges  0x0000000000000458       0x10 ./Src/Kalmanfilter_DSP.o
 .debug_ranges  0x0000000000000468       0x10 ./Src/kalmanfilter.o
 .debug_ranges  0x0000000000000478       0x28 ./Src/main.o
 .debug_ranges  0x00000000000004a0       0x10 ./Src/stm32l4xx_hal_msp.o
 .debug_ranges  0x00000000000004b0       0x50 ./Src/stm32l4xx_it.o
 .debug_ranges  0x0000000000000500       0x18 ./Src/system_stm32l4xx.o
 .debug_ranges  0x0000000000000518       0x20 ./Startup/startup_stm32l4s5vitx.o
 .debug_ranges  0x0000000000000538       0x10 C:\Users\SLsec\Desktop\Winter23\444 Microprocessors\labs\L1\lib\libarm_cortexM4lf_math.a(arm_sub_f32.o)
 .debug_ranges  0x0000000000000548       0x10 C:\Users\SLsec\Desktop\Winter23\444 Microprocessors\labs\L1\lib\libarm_cortexM4lf_math.a(arm_mult_f32.o)
 .debug_ranges  0x0000000000000558       0x10 C:\Users\SLsec\Desktop\Winter23\444 Microprocessors\labs\L1\lib\libarm_cortexM4lf_math.a(arm_add_f32.o)

.debug_macro    0x0000000000000000    0x294a9
 .debug_macro   0x0000000000000000      0x20d ./Drivers/STM32L4xx_HAL_Driver/Src/stm32l4xx_hal.o
 .debug_macro   0x000000000000020d      0xa78 ./Drivers/STM32L4xx_HAL_Driver/Src/stm32l4xx_hal.o
 .debug_macro   0x0000000000000c85      0x1a1 ./Drivers/STM32L4xx_HAL_Driver/Src/stm32l4xx_hal.o
 .debug_macro   0x0000000000000e26       0x2e ./Drivers/STM32L4xx_HAL_Driver/Src/stm32l4xx_hal.o
 .debug_macro   0x0000000000000e54       0x28 ./Drivers/STM32L4xx_HAL_Driver/Src/stm32l4xx_hal.o
 .debug_macro   0x0000000000000e7c       0x22 ./Drivers/STM32L4xx_HAL_Driver/Src/stm32l4xx_hal.o
 .debug_macro   0x0000000000000e9e       0x8e ./Drivers/STM32L4xx_HAL_Driver/Src/stm32l4xx_hal.o
 .debug_macro   0x0000000000000f2c       0x51 ./Drivers/STM32L4xx_HAL_Driver/Src/stm32l4xx_hal.o
 .debug_macro   0x0000000000000f7d      0x103 ./Drivers/STM32L4xx_HAL_Driver/Src/stm32l4xx_hal.o
 .debug_macro   0x0000000000001080       0x6a ./Drivers/STM32L4xx_HAL_Driver/Src/stm32l4xx_hal.o
 .debug_macro   0x00000000000010ea      0x1df ./Drivers/STM32L4xx_HAL_Driver/Src/stm32l4xx_hal.o
 .debug_macro   0x00000000000012c9       0x1c ./Drivers/STM32L4xx_HAL_Driver/Src/stm32l4xx_hal.o
 .debug_macro   0x00000000000012e5       0x22 ./Drivers/STM32L4xx_HAL_Driver/Src/stm32l4xx_hal.o
 .debug_macro   0x0000000000001307       0xfb ./Drivers/STM32L4xx_HAL_Driver/Src/stm32l4xx_hal.o
 .debug_macro   0x0000000000001402     0x1011 ./Drivers/STM32L4xx_HAL_Driver/Src/stm32l4xx_hal.o
 .debug_macro   0x0000000000002413      0x11f ./Drivers/STM32L4xx_HAL_Driver/Src/stm32l4xx_hal.o
 .debug_macro   0x0000000000002532    0x1d292 ./Drivers/STM32L4xx_HAL_Driver/Src/stm32l4xx_hal.o
 .debug_macro   0x000000000001f7c4       0x6d ./Drivers/STM32L4xx_HAL_Driver/Src/stm32l4xx_hal.o
 .debug_macro   0x000000000001f831     0x38ed ./Drivers/STM32L4xx_HAL_Driver/Src/stm32l4xx_hal.o
 .debug_macro   0x000000000002311e      0x174 ./Drivers/STM32L4xx_HAL_Driver/Src/stm32l4xx_hal.o
 .debug_macro   0x0000000000023292       0x5c ./Drivers/STM32L4xx_HAL_Driver/Src/stm32l4xx_hal.o
 .debug_macro   0x00000000000232ee     0x1910 ./Drivers/STM32L4xx_HAL_Driver/Src/stm32l4xx_hal.o
 .debug_macro   0x0000000000024bfe      0x7dc ./Drivers/STM32L4xx_HAL_Driver/Src/stm32l4xx_hal.o
 .debug_macro   0x00000000000253da      0x1b9 ./Drivers/STM32L4xx_HAL_Driver/Src/stm32l4xx_hal.o
 .debug_macro   0x0000000000025593      0x225 ./Drivers/STM32L4xx_HAL_Driver/Src/stm32l4xx_hal.o
 .debug_macro   0x00000000000257b8      0x486 ./Drivers/STM32L4xx_HAL_Driver/Src/stm32l4xx_hal.o
 .debug_macro   0x0000000000025c3e      0x1ce ./Drivers/STM32L4xx_HAL_Driver/Src/stm32l4xx_hal.o
 .debug_macro   0x0000000000025e0c       0x43 ./Drivers/STM32L4xx_HAL_Driver/Src/stm32l4xx_hal.o
 .debug_macro   0x0000000000025e4f      0x23d ./Drivers/STM32L4xx_HAL_Driver/Src/stm32l4xx_hal.o
 .debug_macro   0x000000000002608c      0x241 ./Drivers/STM32L4xx_HAL_Driver/Src/stm32l4xx_hal.o
 .debug_macro   0x00000000000262cd      0x416 ./Drivers/STM32L4xx_HAL_Driver/Src/stm32l4xx_hal.o
 .debug_macro   0x00000000000266e3       0x1c ./Drivers/STM32L4xx_HAL_Driver/Src/stm32l4xx_hal.o
 .debug_macro   0x00000000000266ff       0xf2 ./Drivers/STM32L4xx_HAL_Driver/Src/stm32l4xx_hal.o
 .debug_macro   0x00000000000267f1      0x22c ./Drivers/STM32L4xx_HAL_Driver/Src/stm32l4xx_hal.o
 .debug_macro   0x0000000000026a1d       0x61 ./Drivers/STM32L4xx_HAL_Driver/Src/stm32l4xx_hal.o
 .debug_macro   0x0000000000026a7e       0xa5 ./Drivers/STM32L4xx_HAL_Driver/Src/stm32l4xx_hal.o
 .debug_macro   0x0000000000026b23      0x122 ./Drivers/STM32L4xx_HAL_Driver/Src/stm32l4xx_hal.o
 .debug_macro   0x0000000000026c45      0x3f6 ./Drivers/STM32L4xx_HAL_Driver/Src/stm32l4xx_hal.o
 .debug_macro   0x000000000002703b      0x432 ./Drivers/STM32L4xx_HAL_Driver/Src/stm32l4xx_hal.o
 .debug_macro   0x000000000002746d      0x1bf ./Drivers/STM32L4xx_HAL_Driver/Src/stm32l4xx_hal_cortex.o
 .debug_macro   0x000000000002762c      0x1c6 ./Drivers/STM32L4xx_HAL_Driver/Src/stm32l4xx_hal_gpio.o
 .debug_macro   0x00000000000277f2      0x1e9 ./Drivers/STM32L4xx_HAL_Driver/Src/stm32l4xx_hal_pwr_ex.o
 .debug_macro   0x00000000000279db      0x201 ./Drivers/STM32L4xx_HAL_Driver/Src/stm32l4xx_hal_rcc.o
 .debug_macro   0x0000000000027bdc      0x2e4 ./Src/Kalmanfilter_DSP.o
 .debug_macro   0x0000000000027ec0       0x28 ./Src/Kalmanfilter_DSP.o
 .debug_macro   0x0000000000027ee8       0x52 ./Src/Kalmanfilter_DSP.o
 .debug_macro   0x0000000000027f3a       0x1e ./Src/Kalmanfilter_DSP.o
 .debug_macro   0x0000000000027f58       0x3c ./Src/Kalmanfilter_DSP.o
 .debug_macro   0x0000000000027f94       0x34 ./Src/Kalmanfilter_DSP.o
 .debug_macro   0x0000000000027fc8       0x16 ./Src/Kalmanfilter_DSP.o
 .debug_macro   0x0000000000027fde       0x43 ./Src/Kalmanfilter_DSP.o
 .debug_macro   0x0000000000028021       0x34 ./Src/Kalmanfilter_DSP.o
 .debug_macro   0x0000000000028055       0x10 ./Src/Kalmanfilter_DSP.o
 .debug_macro   0x0000000000028065       0x58 ./Src/Kalmanfilter_DSP.o
 .debug_macro   0x00000000000280bd       0x71 ./Src/Kalmanfilter_DSP.o
 .debug_macro   0x000000000002812e       0x1c ./Src/Kalmanfilter_DSP.o
 .debug_macro   0x000000000002814a      0x12a ./Src/Kalmanfilter_DSP.o
 .debug_macro   0x0000000000028274      0x341 ./Src/Kalmanfilter_DSP.o
 .debug_macro   0x00000000000285b5       0x10 ./Src/Kalmanfilter_DSP.o
 .debug_macro   0x00000000000285c5       0x35 ./Src/Kalmanfilter_DSP.o
 .debug_macro   0x00000000000285fa       0x20 ./Src/Kalmanfilter_DSP.o
 .debug_macro   0x000000000002861a      0x19b ./Src/Kalmanfilter_DSP.o
 .debug_macro   0x00000000000287b5      0x201 ./Src/Kalmanfilter_DSP.o
 .debug_macro   0x00000000000289b6       0xc8 ./Src/Kalmanfilter_DSP.o
 .debug_macro   0x0000000000028a7e      0x1dc ./Src/kalmanfilter.o
 .debug_macro   0x0000000000028c5a      0x2ea ./Src/main.o
 .debug_macro   0x0000000000028f44      0x1ce ./Src/stm32l4xx_hal_msp.o
 .debug_macro   0x0000000000029112      0x1d8 ./Src/stm32l4xx_it.o
 .debug_macro   0x00000000000292ea      0x1bf ./Src/system_stm32l4xx.o

.debug_line     0x0000000000000000     0x76e1
 .debug_line    0x0000000000000000      0xa96 ./Drivers/STM32L4xx_HAL_Driver/Src/stm32l4xx_hal.o
 .debug_line    0x0000000000000a96      0xc3d ./Drivers/STM32L4xx_HAL_Driver/Src/stm32l4xx_hal_cortex.o
 .debug_line    0x00000000000016d3      0xaf2 ./Drivers/STM32L4xx_HAL_Driver/Src/stm32l4xx_hal_gpio.o
 .debug_line    0x00000000000021c5      0xd03 ./Drivers/STM32L4xx_HAL_Driver/Src/stm32l4xx_hal_pwr_ex.o
 .debug_line    0x0000000000002ec8      0xfea ./Drivers/STM32L4xx_HAL_Driver/Src/stm32l4xx_hal_rcc.o
 .debug_line    0x0000000000003eb2      0x8b2 ./Src/Kalmanfilter_DSP.o
 .debug_line    0x0000000000004764      0x778 ./Src/kalmanfilter.o
 .debug_line    0x0000000000004edc       0x6e ./Src/kalmanfilter_asm2.o
 .debug_line    0x0000000000004f4a      0x938 ./Src/main.o
 .debug_line    0x0000000000005882      0x6a1 ./Src/stm32l4xx_hal_msp.o
 .debug_line    0x0000000000005f23      0x764 ./Src/stm32l4xx_it.o
 .debug_line    0x0000000000006687      0x739 ./Src/system_stm32l4xx.o
 .debug_line    0x0000000000006dc0       0x83 ./Startup/startup_stm32l4s5vitx.o
 .debug_line    0x0000000000006e43      0x2df C:\Users\SLsec\Desktop\Winter23\444 Microprocessors\labs\L1\lib\libarm_cortexM4lf_math.a(arm_sub_f32.o)
 .debug_line    0x0000000000007122      0x2e0 C:\Users\SLsec\Desktop\Winter23\444 Microprocessors\labs\L1\lib\libarm_cortexM4lf_math.a(arm_mult_f32.o)
 .debug_line    0x0000000000007402      0x2df C:\Users\SLsec\Desktop\Winter23\444 Microprocessors\labs\L1\lib\libarm_cortexM4lf_math.a(arm_add_f32.o)

.debug_str      0x0000000000000000    0xfaee9
 .debug_str     0x0000000000000000    0xf538f ./Drivers/STM32L4xx_HAL_Driver/Src/stm32l4xx_hal.o
                                      0xf57df (size before relaxing)
 .debug_str     0x00000000000f538f      0x3ae ./Drivers/STM32L4xx_HAL_Driver/Src/stm32l4xx_hal_cortex.o
                                      0xf546e (size before relaxing)
 .debug_str     0x00000000000f573d      0x1e7 ./Drivers/STM32L4xx_HAL_Driver/Src/stm32l4xx_hal_gpio.o
                                      0xf4d7b (size before relaxing)
 .debug_str     0x00000000000f5924      0x59a ./Drivers/STM32L4xx_HAL_Driver/Src/stm32l4xx_hal_pwr_ex.o
                                      0xf51d4 (size before relaxing)
 .debug_str     0x00000000000f5ebe      0x590 ./Drivers/STM32L4xx_HAL_Driver/Src/stm32l4xx_hal_rcc.o
                                      0xf5274 (size before relaxing)
 .debug_str     0x00000000000f644e     0x42a0 ./Src/Kalmanfilter_DSP.o
                                      0xf8d0e (size before relaxing)
 .debug_str     0x00000000000fa6ee       0x2f ./Src/kalmanfilter.o
                                      0xf4aa0 (size before relaxing)
 .debug_str     0x00000000000fa71d       0x29 ./Src/kalmanfilter_asm2.o
                                         0x6b (size before relaxing)
 .debug_str     0x00000000000fa746       0xb9 ./Src/main.o
                                      0xf9129 (size before relaxing)
 .debug_str     0x00000000000fa7ff       0x1b ./Src/stm32l4xx_hal_msp.o
                                      0xf4bc0 (size before relaxing)
 .debug_str     0x00000000000fa81a       0xb8 ./Src/stm32l4xx_it.o
                                      0xf4ada (size before relaxing)
 .debug_str     0x00000000000fa8d2       0x3b ./Src/system_stm32l4xx.o
                                      0xf4bfc (size before relaxing)
 .debug_str     0x00000000000fa90d       0x23 ./Startup/startup_stm32l4s5vitx.o
                                         0x73 (size before relaxing)
 .debug_str     0x00000000000fa930      0x55c C:\Users\SLsec\Desktop\Winter23\444 Microprocessors\labs\L1\lib\libarm_cortexM4lf_math.a(arm_sub_f32.o)
                                        0x671 (size before relaxing)
 .debug_str     0x00000000000fae8c       0x2f C:\Users\SLsec\Desktop\Winter23\444 Microprocessors\labs\L1\lib\libarm_cortexM4lf_math.a(arm_mult_f32.o)
                                        0x673 (size before relaxing)
 .debug_str     0x00000000000faebb       0x2e C:\Users\SLsec\Desktop\Winter23\444 Microprocessors\labs\L1\lib\libarm_cortexM4lf_math.a(arm_add_f32.o)
                                        0x671 (size before relaxing)

.comment        0x0000000000000000       0xc5
 .comment       0x0000000000000000       0x50 ./Drivers/STM32L4xx_HAL_Driver/Src/stm32l4xx_hal.o
                                         0x51 (size before relaxing)
 .comment       0x0000000000000050       0x51 ./Drivers/STM32L4xx_HAL_Driver/Src/stm32l4xx_hal_cortex.o
 .comment       0x0000000000000050       0x51 ./Drivers/STM32L4xx_HAL_Driver/Src/stm32l4xx_hal_gpio.o
 .comment       0x0000000000000050       0x51 ./Drivers/STM32L4xx_HAL_Driver/Src/stm32l4xx_hal_pwr_ex.o
 .comment       0x0000000000000050       0x51 ./Drivers/STM32L4xx_HAL_Driver/Src/stm32l4xx_hal_rcc.o
 .comment       0x0000000000000050       0x51 ./Src/Kalmanfilter_DSP.o
 .comment       0x0000000000000050       0x51 ./Src/kalmanfilter.o
 .comment       0x0000000000000050       0x51 ./Src/main.o
 .comment       0x0000000000000050       0x51 ./Src/stm32l4xx_hal_msp.o
 .comment       0x0000000000000050       0x51 ./Src/stm32l4xx_it.o
 .comment       0x0000000000000050       0x51 ./Src/system_stm32l4xx.o
 .comment       0x0000000000000050       0x75 C:\Users\SLsec\Desktop\Winter23\444 Microprocessors\labs\L1\lib\libarm_cortexM4lf_math.a(arm_sub_f32.o)
                                         0x76 (size before relaxing)
 .comment       0x00000000000000c5       0x76 C:\Users\SLsec\Desktop\Winter23\444 Microprocessors\labs\L1\lib\libarm_cortexM4lf_math.a(arm_mult_f32.o)
 .comment       0x00000000000000c5       0x76 C:\Users\SLsec\Desktop\Winter23\444 Microprocessors\labs\L1\lib\libarm_cortexM4lf_math.a(arm_add_f32.o)

.debug_frame    0x0000000000000000     0x1604
 .debug_frame   0x0000000000000000      0x498 ./Drivers/STM32L4xx_HAL_Driver/Src/stm32l4xx_hal.o
 .debug_frame   0x0000000000000498      0x498 ./Drivers/STM32L4xx_HAL_Driver/Src/stm32l4xx_hal_cortex.o
 .debug_frame   0x0000000000000930      0x14c ./Drivers/STM32L4xx_HAL_Driver/Src/stm32l4xx_hal_gpio.o
 .debug_frame   0x0000000000000a7c      0x5c4 ./Drivers/STM32L4xx_HAL_Driver/Src/stm32l4xx_hal_pwr_ex.o
 .debug_frame   0x0000000000001040      0x248 ./Drivers/STM32L4xx_HAL_Driver/Src/stm32l4xx_hal_rcc.o
 .debug_frame   0x0000000000001288       0x34 ./Src/Kalmanfilter_DSP.o
 .debug_frame   0x00000000000012bc       0x38 ./Src/kalmanfilter.o
 .debug_frame   0x00000000000012f4       0x94 ./Src/main.o
 .debug_frame   0x0000000000001388       0x38 ./Src/stm32l4xx_hal_msp.o
 .debug_frame   0x00000000000013c0      0x104 ./Src/stm32l4xx_it.o
 .debug_frame   0x00000000000014c4       0x58 ./Src/system_stm32l4xx.o
 .debug_frame   0x000000000000151c       0x34 C:\Users\SLsec\Desktop\Winter23\444 Microprocessors\labs\L1\lib\libarm_cortexM4lf_math.a(arm_sub_f32.o)
 .debug_frame   0x0000000000001550       0x34 C:\Users\SLsec\Desktop\Winter23\444 Microprocessors\labs\L1\lib\libarm_cortexM4lf_math.a(arm_mult_f32.o)
 .debug_frame   0x0000000000001584       0x34 C:\Users\SLsec\Desktop\Winter23\444 Microprocessors\labs\L1\lib\libarm_cortexM4lf_math.a(arm_add_f32.o)
 .debug_frame   0x00000000000015b8       0x2c c:/st/stm32cubeide_1.11.0/stm32cubeide/plugins/com.st.stm32cube.ide.mcu.externaltools.gnu-tools-for-stm32.10.3-2021.10.win32_1.0.100.202210260954/tools/bin/../lib/gcc/arm-none-eabi/10.3.1/../../../../arm-none-eabi/lib/thumb/v7e-m+fp/hard\libc_nano.a(lib_a-init.o)
 .debug_frame   0x00000000000015e4       0x20 c:/st/stm32cubeide_1.11.0/stm32cubeide/plugins/com.st.stm32cube.ide.mcu.externaltools.gnu-tools-for-stm32.10.3-2021.10.win32_1.0.100.202210260954/tools/bin/../lib/gcc/arm-none-eabi/10.3.1/../../../../arm-none-eabi/lib/thumb/v7e-m+fp/hard\libc_nano.a(lib_a-memset.o)

.debug_loc      0x0000000000000000      0x63f
 .debug_loc     0x0000000000000000      0x215 C:\Users\SLsec\Desktop\Winter23\444 Microprocessors\labs\L1\lib\libarm_cortexM4lf_math.a(arm_sub_f32.o)
 .debug_loc     0x0000000000000215      0x215 C:\Users\SLsec\Desktop\Winter23\444 Microprocessors\labs\L1\lib\libarm_cortexM4lf_math.a(arm_mult_f32.o)
 .debug_loc     0x000000000000042a      0x215 C:\Users\SLsec\Desktop\Winter23\444 Microprocessors\labs\L1\lib\libarm_cortexM4lf_math.a(arm_add_f32.o)
